// Jest Snapshot v1, https://goo.gl/fbAQLP

exports[`render ContactMe.tsx test component 1`] = `
Object {
  "asFragment": [Function],
  "baseElement": <body>
    <div>
      <div
        class="font-body bg-body_lightGray m-6 sm:pb-6 shadow-xl h-full"
      >
         
        <div
          class="px-5 py-3"
          style="opacity: 0; transform: translateX(0px) translateY(-20px) translateZ(0);"
        >
          <div
            class="text-xl p-3 text-center"
          >
            <p>
              To view the full PDF file of my resume and supporting documents, select the download link at the bottom of this page.
            </p>
          </div>
          <div
            class="flex flex-1 justify-center items-center h-30long md:h-51.6long lg:h-85.6long"
          >
            <iframe
              class="focus:outline-none shadow-lg h-full w-full"
              height="100%"
              src="[object Object]#view=fitH#zoom=scale"
              title="WD_Resume"
              width="100%"
            />
          </div>
          <div
            class="pt-3 pb-12 lg:ml-64 lg:mr-64 grid grid-flow-col"
          >
            <div
              class="text-xl p-3 flex rounded-full justify-center hover:bg-gray-300 active:bg-gray-500"
            >
              <a
                href="https://drive.google.com/drive/folders/1Zq6rcMgDz2IeEZCGJr4lKEqATsdVakbW?usp=sharing"
                rel="noreferrer"
                target="_blank"
              >
                Download My Resume and Supporting Documents
              </a>
            </div>
          </div>
          <div
            class="sm:visible sm:mb-32long md:hidden"
          >
            <br />
          </div>
          <div
            class="flex flex-1 justify-center items-center h-30long md:h-51.6long lg:h-85.6long"
          >
            <iframe
              class="focus:outline-none shadow-lg h-full w-full"
              height="100%"
              src="[object Object]#view=fitH#zoom=scale"
              title="WD_Letter_Of_Recommendation_B"
              width="100%"
            />
          </div>
          <div
            class="flex flex-1 justify-center items-center h-30long md:h-51.6long lg:h-85.6long"
          >
            <iframe
              class="focus:outline-none shadow-lg h-full w-full"
              height="100%"
              src="[object Object]#view=fitH#zoom=scale"
              title="WD_Letter_Of_Recommendation_A"
              width="100%"
            />
          </div>
          <div
            class="sm:visible sm:mb-32long md:hidden"
          >
            <br />
            <br />
            <br />
            <br />
          </div>
        </div>
      </div>
    </div>
  </body>,
  "container": <div>
    <div
      class="font-body bg-body_lightGray m-6 sm:pb-6 shadow-xl h-full"
    >
       
      <div
        class="px-5 py-3"
        style="opacity: 0; transform: translateX(0px) translateY(-20px) translateZ(0);"
      >
        <div
          class="text-xl p-3 text-center"
        >
          <p>
            To view the full PDF file of my resume and supporting documents, select the download link at the bottom of this page.
          </p>
        </div>
        <div
          class="flex flex-1 justify-center items-center h-30long md:h-51.6long lg:h-85.6long"
        >
          <iframe
            class="focus:outline-none shadow-lg h-full w-full"
            height="100%"
            src="[object Object]#view=fitH#zoom=scale"
            title="WD_Resume"
            width="100%"
          />
        </div>
        <div
          class="pt-3 pb-12 lg:ml-64 lg:mr-64 grid grid-flow-col"
        >
          <div
            class="text-xl p-3 flex rounded-full justify-center hover:bg-gray-300 active:bg-gray-500"
          >
            <a
              href="https://drive.google.com/drive/folders/1Zq6rcMgDz2IeEZCGJr4lKEqATsdVakbW?usp=sharing"
              rel="noreferrer"
              target="_blank"
            >
              Download My Resume and Supporting Documents
            </a>
          </div>
        </div>
        <div
          class="sm:visible sm:mb-32long md:hidden"
        >
          <br />
        </div>
        <div
          class="flex flex-1 justify-center items-center h-30long md:h-51.6long lg:h-85.6long"
        >
          <iframe
            class="focus:outline-none shadow-lg h-full w-full"
            height="100%"
            src="[object Object]#view=fitH#zoom=scale"
            title="WD_Letter_Of_Recommendation_B"
            width="100%"
          />
        </div>
        <div
          class="flex flex-1 justify-center items-center h-30long md:h-51.6long lg:h-85.6long"
        >
          <iframe
            class="focus:outline-none shadow-lg h-full w-full"
            height="100%"
            src="[object Object]#view=fitH#zoom=scale"
            title="WD_Letter_Of_Recommendation_A"
            width="100%"
          />
        </div>
        <div
          class="sm:visible sm:mb-32long md:hidden"
        >
          <br />
          <br />
          <br />
          <br />
        </div>
      </div>
    </div>
  </div>,
  "debug": [Function],
  "findAllByAltText": [Function],
  "findAllByDisplayValue": [Function],
  "findAllByLabelText": [Function],
  "findAllByPlaceholderText": [Function],
  "findAllByRole": [Function],
  "findAllByTestId": [Function],
  "findAllByText": [Function],
  "findAllByTitle": [Function],
  "findByAltText": [Function],
  "findByDisplayValue": [Function],
  "findByLabelText": [Function],
  "findByPlaceholderText": [Function],
  "findByRole": [Function],
  "findByTestId": [Function],
  "findByText": [Function],
  "findByTitle": [Function],
  "getAllByAltText": [Function],
  "getAllByDisplayValue": [Function],
  "getAllByLabelText": [Function],
  "getAllByPlaceholderText": [Function],
  "getAllByRole": [Function],
  "getAllByTestId": [Function],
  "getAllByText": [Function],
  "getAllByTitle": [Function],
  "getByAltText": [Function],
  "getByDisplayValue": [Function],
  "getByLabelText": [Function],
  "getByPlaceholderText": [Function],
  "getByRole": [Function],
  "getByTestId": [Function],
  "getByText": [Function],
  "getByTitle": [Function],
  "queryAllByAltText": [Function],
  "queryAllByDisplayValue": [Function],
  "queryAllByLabelText": [Function],
  "queryAllByPlaceholderText": [Function],
  "queryAllByRole": [Function],
  "queryAllByTestId": [Function],
  "queryAllByText": [Function],
  "queryAllByTitle": [Function],
  "queryByAltText": [Function],
  "queryByDisplayValue": [Function],
  "queryByLabelText": [Function],
  "queryByPlaceholderText": [Function],
  "queryByRole": [Function],
  "queryByTestId": [Function],
  "queryByText": [Function],
  "queryByTitle": [Function],
  "rerender": [Function],
  "unmount": [Function],
}
`;
